[    4112ms] [ERROR] Failed to load resource: the server responded with a status of 404 () @ https://pmoc.vercel.app/placeholder.svg?height=500&width=500:0
[    9039ms] Error: Minified React error #425; visit https://react.dev/errors/425 for the full message or use the non-minified dev environment for full errors and additional helpful warnings.
    at sq (https://pmoc.vercel.app/_next/static/chunks/fd9d1056-a7129889b45a2c4a.js:1:146765)
    at https://pmoc.vercel.app/_next/static/chunks/fd9d1056-a7129889b45a2c4a.js:1:101023
    at iu (https://pmoc.vercel.app/_next/static/chunks/fd9d1056-a7129889b45a2c4a.js:1:103867)
    at ia (https://pmoc.vercel.app/_next/static/chunks/fd9d1056-a7129889b45a2c4a.js:1:95223)
    at https://pmoc.vercel.app/_next/static/chunks/fd9d1056-a7129889b45a2c4a.js:1:91088
    at https://pmoc.vercel.app/_next/static/chunks/fd9d1056-a7129889b45a2c4a.js:1:91095
    at oZ (https://pmoc.vercel.app/_next/static/chunks/fd9d1056-a7129889b45a2c4a.js:1:91200)
    at MessagePort.T (https://pmoc.vercel.app/_next/static/chunks/117-cd926a976171057b.js:1:83990)
[    9058ms] Error: Minified React error #425; visit https://react.dev/errors/425 for the full message or use the non-minified dev environment for full errors and additional helpful warnings.
    at sq (https://pmoc.vercel.app/_next/static/chunks/fd9d1056-a7129889b45a2c4a.js:1:146765)
    at https://pmoc.vercel.app/_next/static/chunks/fd9d1056-a7129889b45a2c4a.js:1:101023
    at iu (https://pmoc.vercel.app/_next/static/chunks/fd9d1056-a7129889b45a2c4a.js:1:103867)
    at ia (https://pmoc.vercel.app/_next/static/chunks/fd9d1056-a7129889b45a2c4a.js:1:95223)
    at https://pmoc.vercel.app/_next/static/chunks/fd9d1056-a7129889b45a2c4a.js:1:91088
    at https://pmoc.vercel.app/_next/static/chunks/fd9d1056-a7129889b45a2c4a.js:1:91095
    at oZ (https://pmoc.vercel.app/_next/static/chunks/fd9d1056-a7129889b45a2c4a.js:1:91200)
    at MessagePort.T (https://pmoc.vercel.app/_next/static/chunks/117-cd926a976171057b.js:1:83990)
[    9058ms] Error: Minified React error #425; visit https://react.dev/errors/425 for the full message or use the non-minified dev environment for full errors and additional helpful warnings.
    at sq (https://pmoc.vercel.app/_next/static/chunks/fd9d1056-a7129889b45a2c4a.js:1:146765)
    at https://pmoc.vercel.app/_next/static/chunks/fd9d1056-a7129889b45a2c4a.js:1:101023
    at iu (https://pmoc.vercel.app/_next/static/chunks/fd9d1056-a7129889b45a2c4a.js:1:103867)
    at ia (https://pmoc.vercel.app/_next/static/chunks/fd9d1056-a7129889b45a2c4a.js:1:95223)
    at https://pmoc.vercel.app/_next/static/chunks/fd9d1056-a7129889b45a2c4a.js:1:91088
    at https://pmoc.vercel.app/_next/static/chunks/fd9d1056-a7129889b45a2c4a.js:1:91095
    at oZ (https://pmoc.vercel.app/_next/static/chunks/fd9d1056-a7129889b45a2c4a.js:1:91200)
    at MessagePort.T (https://pmoc.vercel.app/_next/static/chunks/117-cd926a976171057b.js:1:83990)
[    9058ms] Error: Minified React error #425; visit https://react.dev/errors/425 for the full message or use the non-minified dev environment for full errors and additional helpful warnings.
    at sq (https://pmoc.vercel.app/_next/static/chunks/fd9d1056-a7129889b45a2c4a.js:1:146765)
    at https://pmoc.vercel.app/_next/static/chunks/fd9d1056-a7129889b45a2c4a.js:1:101023
    at iu (https://pmoc.vercel.app/_next/static/chunks/fd9d1056-a7129889b45a2c4a.js:1:103867)
    at ia (https://pmoc.vercel.app/_next/static/chunks/fd9d1056-a7129889b45a2c4a.js:1:95223)
    at https://pmoc.vercel.app/_next/static/chunks/fd9d1056-a7129889b45a2c4a.js:1:91088
    at https://pmoc.vercel.app/_next/static/chunks/fd9d1056-a7129889b45a2c4a.js:1:91095
    at oZ (https://pmoc.vercel.app/_next/static/chunks/fd9d1056-a7129889b45a2c4a.js:1:91200)
    at MessagePort.T (https://pmoc.vercel.app/_next/static/chunks/117-cd926a976171057b.js:1:83990)
[    9059ms] Error: Minified React error #418; visit https://react.dev/errors/418 for the full message or use the non-minified dev environment for full errors and additional helpful warnings.
    at t5 (https://pmoc.vercel.app/_next/static/chunks/fd9d1056-a7129889b45a2c4a.js:1:24670)
    at iZ (https://pmoc.vercel.app/_next/static/chunks/fd9d1056-a7129889b45a2c4a.js:1:120535)
    at ia (https://pmoc.vercel.app/_next/static/chunks/fd9d1056-a7129889b45a2c4a.js:1:95162)
    at https://pmoc.vercel.app/_next/static/chunks/fd9d1056-a7129889b45a2c4a.js:1:91088
    at https://pmoc.vercel.app/_next/static/chunks/fd9d1056-a7129889b45a2c4a.js:1:91095
    at oZ (https://pmoc.vercel.app/_next/static/chunks/fd9d1056-a7129889b45a2c4a.js:1:91200)
    at MessagePort.T (https://pmoc.vercel.app/_next/static/chunks/117-cd926a976171057b.js:1:83990)
[    9059ms] Error: Minified React error #423; visit https://react.dev/errors/423 for the full message or use the non-minified dev environment for full errors and additional helpful warnings.
    at iZ (https://pmoc.vercel.app/_next/static/chunks/fd9d1056-a7129889b45a2c4a.js:1:118349)
    at ia (https://pmoc.vercel.app/_next/static/chunks/fd9d1056-a7129889b45a2c4a.js:1:95162)
    at https://pmoc.vercel.app/_next/static/chunks/fd9d1056-a7129889b45a2c4a.js:1:94984
    at il (https://pmoc.vercel.app/_next/static/chunks/fd9d1056-a7129889b45a2c4a.js:1:94991)
    at oJ (https://pmoc.vercel.app/_next/static/chunks/fd9d1056-a7129889b45a2c4a.js:1:92347)
    at oZ (https://pmoc.vercel.app/_next/static/chunks/fd9d1056-a7129889b45a2c4a.js:1:91766)
    at MessagePort.T (https://pmoc.vercel.app/_next/static/chunks/117-cd926a976171057b.js:1:83990)
